Ôùç injected env (4) from .env // tip: Ôùê encrypted .env [www.dotenvx.com]

Running 1 test using 1 worker

[1A[2KÔùç injected env (0) from .env // tip: Ôîÿ suppress logs { quiet: true }

[1A[2K[1/1] [chromium] ÔÇ║ playwright\e2e\checkout.spec.ts:134:5 ÔÇ║ Checkout ÔÇ║ Pagamento e Confirma├º├úo ÔÇ║ deve realizar pedido com pagamento ├á vista
[1A[2K[chromium] ÔÇ║ playwright\e2e\checkout.spec.ts:134:5 ÔÇ║ Checkout ÔÇ║ Pagamento e Confirma├º├úo ÔÇ║ deve realizar pedido com pagamento ├á vista
Tentativa de exclus├úo do pedido VLO-1QN45Y. Status: 204. Linhas afetadas: 0

[1A[2K  1 passed (3.6s)

To open last HTML report run:
[36m[39m
[36m  npx playwright show-report[39m
[36m[39m
